==== gf 
---- It should work properly. 
.........



**** Result ****


9 examples, 0 failures
